---
http_interactions:
- request:
    method: get
    uri: http://localhost:5000/api/v1/users/find?google_uid=1235456789
    body:
      encoding: US-ASCII
      string: ''
    headers:
      User-Agent:
      - Faraday v2.7.4
      Accept-Encoding:
      - gzip;q=1.0,deflate;q=0.6,identity;q=0.3
      Accept:
      - "*/*"
  response:
    status:
      code: 200
      message: OK
    headers:
      Content-Type:
      - application/json; charset=utf-8
      Etag:
      - W/"fc8b0509bf63094121a131e74fce0359"
      Cache-Control:
      - max-age=0, private, must-revalidate
      X-Request-Id:
      - d4610e4a-2f32-4083-ac40-4a8647e0a327
      X-Runtime:
      - '0.003045'
      Transfer-Encoding:
      - chunked
    body:
      encoding: UTF-8
      string: '{"data":{"id":"1","type":"user","attributes":{"first_name":"John","last_name":"Doe","phone_number":null,"email":"john.doe@example.com","emergency_contact_name":null,"emergency_contact_phone_number":null,"google_uid":"1235456789"}}}'
  recorded_at: Fri, 03 Mar 2023 02:06:42 GMT
- request:
    method: get
    uri: http://localhost:5000/api/v1/users/1
    body:
      encoding: US-ASCII
      string: ''
    headers:
      User-Agent:
      - Faraday v2.7.4
      Accept-Encoding:
      - gzip;q=1.0,deflate;q=0.6,identity;q=0.3
      Accept:
      - "*/*"
  response:
    status:
      code: 200
      message: OK
    headers:
      Content-Type:
      - application/json; charset=utf-8
      Etag:
      - W/"fc8b0509bf63094121a131e74fce0359"
      Cache-Control:
      - max-age=0, private, must-revalidate
      X-Request-Id:
      - b7e5d412-b36c-4d53-a0ec-5862524e19e7
      X-Runtime:
      - '0.004640'
      Transfer-Encoding:
      - chunked
    body:
      encoding: UTF-8
      string: '{"data":{"id":"1","type":"user","attributes":{"first_name":"John","last_name":"Doe","phone_number":null,"email":"john.doe@example.com","emergency_contact_name":null,"emergency_contact_phone_number":null,"google_uid":"1235456789"}}}'
  recorded_at: Fri, 03 Mar 2023 02:06:42 GMT
- request:
    method: get
    uri: http://localhost:5000/api/v1/users/1
    body:
      encoding: US-ASCII
      string: ''
    headers:
      User-Agent:
      - Faraday v2.7.4
      Accept-Encoding:
      - gzip;q=1.0,deflate;q=0.6,identity;q=0.3
      Accept:
      - "*/*"
  response:
    status:
      code: 200
      message: OK
    headers:
      Content-Type:
      - application/json; charset=utf-8
      Etag:
      - W/"fc8b0509bf63094121a131e74fce0359"
      Cache-Control:
      - max-age=0, private, must-revalidate
      X-Request-Id:
      - a9a4fbc7-f6fc-4da5-bcfa-71d55bdd10d9
      X-Runtime:
      - '0.003223'
      Transfer-Encoding:
      - chunked
    body:
      encoding: UTF-8
      string: '{"data":{"id":"1","type":"user","attributes":{"first_name":"John","last_name":"Doe","phone_number":null,"email":"john.doe@example.com","emergency_contact_name":null,"emergency_contact_phone_number":null,"google_uid":"1235456789"}}}'
  recorded_at: Fri, 03 Mar 2023 02:06:42 GMT
- request:
    method: get
    uri: http://localhost:5000/api/v1/users/1
    body:
      encoding: US-ASCII
      string: ''
    headers:
      User-Agent:
      - Faraday v2.7.4
      Accept-Encoding:
      - gzip;q=1.0,deflate;q=0.6,identity;q=0.3
      Accept:
      - "*/*"
  response:
    status:
      code: 200
      message: OK
    headers:
      Content-Type:
      - application/json; charset=utf-8
      Etag:
      - W/"fc8b0509bf63094121a131e74fce0359"
      Cache-Control:
      - max-age=0, private, must-revalidate
      X-Request-Id:
      - 5b252f9f-8dcc-45ff-9c3a-f7f87399b317
      X-Runtime:
      - '0.004742'
      Transfer-Encoding:
      - chunked
    body:
      encoding: UTF-8
      string: '{"data":{"id":"1","type":"user","attributes":{"first_name":"John","last_name":"Doe","phone_number":null,"email":"john.doe@example.com","emergency_contact_name":null,"emergency_contact_phone_number":null,"google_uid":"1235456789"}}}'
  recorded_at: Fri, 03 Mar 2023 02:06:42 GMT
- request:
    method: get
    uri: http://localhost:5000/api/v1/users/1/trips/find_all?status=0
    body:
      encoding: US-ASCII
      string: ''
    headers:
      User-Agent:
      - Faraday v2.7.4
      Accept-Encoding:
      - gzip;q=1.0,deflate;q=0.6,identity;q=0.3
      Accept:
      - "*/*"
  response:
    status:
      code: 200
      message: OK
    headers:
      Content-Type:
      - application/json; charset=utf-8
      Etag:
      - W/"cb8a911fcb58e5f8afed75abb30a9643"
      Cache-Control:
      - max-age=0, private, must-revalidate
      X-Request-Id:
      - 2b41d5f2-d806-47d0-aac8-23273d4b9cd8
      X-Runtime:
      - '0.005146'
      Transfer-Encoding:
      - chunked
    body:
      encoding: UTF-8
      string: '{"data":[{"id":"3","type":"trip","attributes":{"name":"Stag Do","city":"Cabo","country":"Mexico","postcode":"00123","place_id":"518120e5cc1b8441c0594f07b29e5a9120c0f00101f90188a2040000000000c00208","start_date":"2023-05-01","end_date":"2023-05-10","image_url":"https://live.staticflickr.com/65535/5716766064_64559491a3_w.jpg","events":[]},"relationships":{"events":{"data":[]}}}]}'
  recorded_at: Fri, 03 Mar 2023 02:06:42 GMT
- request:
    method: get
    uri: http://localhost:5000/api/v1/users/1/trips/find_all?status=1
    body:
      encoding: US-ASCII
      string: ''
    headers:
      User-Agent:
      - Faraday v2.7.4
      Accept-Encoding:
      - gzip;q=1.0,deflate;q=0.6,identity;q=0.3
      Accept:
      - "*/*"
  response:
    status:
      code: 200
      message: OK
    headers:
      Content-Type:
      - application/json; charset=utf-8
      Etag:
      - W/"5ad1aa0c587152bbf31e2ae266afb583"
      Cache-Control:
      - max-age=0, private, must-revalidate
      X-Request-Id:
      - 54042331-653b-4d72-8c07-5433d8ddf0b3
      X-Runtime:
      - '0.010790'
      Transfer-Encoding:
      - chunked
    body:
      encoding: UTF-8
      string: '{"data":[{"id":"1","type":"trip","attributes":{"name":"Trippin","city":"Murfreesboro","country":"United
        States","postcode":"37128","place_id":"51a61cdd52189955c0597a8f8e064bec4140f00101f9011102030000000000c00208","start_date":"2023-03-01","end_date":"2023-03-08","image_url":"https://live.staticflickr.com/65535/51328655264_19b4724735_w.jpg","events":[{"id":1,"trip_id":1,"event_date":null,"event_time":null,"event_id":"516f5dbe70fc9955c0597a484b8be1ed4140f00102f90148bbc1110000000092030644656d6f7327","votes":null,"confirmed":false,"created_at":"2023-03-03T01:56:37.912Z","updated_at":"2023-03-03T01:56:37.912Z","name":"Demos''","address":"1115
        Northwest Broad Street, Murfreesboro, TN 37129, United States of America","category":"restaurant"},{"id":2,"trip_id":1,"event_date":null,"event_time":null,"event_id":"51521580e9839655c0594eccdf61cbea4140f00102f901590b86250000000092030843756c7665722773","votes":null,"confirmed":false,"created_at":"2023-03-03T01:56:37.914Z","updated_at":"2023-03-03T01:56:37.914Z","name":"Culver''s","address":"2993
        South Rutherford Boulevard, Murfreesboro, TN 37130, United States of America","category":"restaurant"},{"id":3,"trip_id":1,"event_date":null,"event_time":null,"event_id":"515a2ed10f599b55c0594006245d33f04140f00103f901ea8da7dd0000000092031848617a656e27732042726967616465204d6f6e756d656e74","votes":null,"confirmed":false,"created_at":"2023-03-03T01:56:37.915Z","updated_at":"2023-03-03T01:56:37.915Z","name":"Hazen''s
        Brigade Monument","address":"Old Nashville Highway, Murfreesboro, TN 37167,
        United States of America","category":"attraction"},{"id":4,"trip_id":1,"event_date":null,"event_time":null,"event_id":"51fb255d85509c55c059cb278093d8eb4140f00102f901e4c69f2000000000920310526964656f75742043656d6574657279","votes":null,"confirmed":false,"created_at":"2023-03-03T01:56:37.916Z","updated_at":"2023-03-03T01:56:37.916Z","name":"Rideout
        Cemetery","address":"Murfreesboro, TN, United States of America","category":"attraction"}]},"relationships":{"events":{"data":[{"id":"1","type":"event"},{"id":"2","type":"event"},{"id":"3","type":"event"},{"id":"4","type":"event"}]}}}]}'
  recorded_at: Fri, 03 Mar 2023 02:06:42 GMT
- request:
    method: get
    uri: http://localhost:5000/api/v1/users/1
    body:
      encoding: US-ASCII
      string: ''
    headers:
      User-Agent:
      - Faraday v2.7.4
      Accept-Encoding:
      - gzip;q=1.0,deflate;q=0.6,identity;q=0.3
      Accept:
      - "*/*"
  response:
    status:
      code: 200
      message: OK
    headers:
      Content-Type:
      - application/json; charset=utf-8
      Etag:
      - W/"fc8b0509bf63094121a131e74fce0359"
      Cache-Control:
      - max-age=0, private, must-revalidate
      X-Request-Id:
      - df209deb-4750-44c2-88c5-fa29b6402a32
      X-Runtime:
      - '0.002322'
      Transfer-Encoding:
      - chunked
    body:
      encoding: UTF-8
      string: '{"data":{"id":"1","type":"user","attributes":{"first_name":"John","last_name":"Doe","phone_number":null,"email":"john.doe@example.com","emergency_contact_name":null,"emergency_contact_phone_number":null,"google_uid":"1235456789"}}}'
  recorded_at: Fri, 03 Mar 2023 02:06:42 GMT
- request:
    method: get
    uri: http://localhost:5000/api/v1/users/1
    body:
      encoding: US-ASCII
      string: ''
    headers:
      User-Agent:
      - Faraday v2.7.4
      Accept-Encoding:
      - gzip;q=1.0,deflate;q=0.6,identity;q=0.3
      Accept:
      - "*/*"
  response:
    status:
      code: 200
      message: OK
    headers:
      Content-Type:
      - application/json; charset=utf-8
      Etag:
      - W/"fc8b0509bf63094121a131e74fce0359"
      Cache-Control:
      - max-age=0, private, must-revalidate
      X-Request-Id:
      - 4f44a105-ed70-4fc0-bfaf-5393f76d0b10
      X-Runtime:
      - '0.002260'
      Transfer-Encoding:
      - chunked
    body:
      encoding: UTF-8
      string: '{"data":{"id":"1","type":"user","attributes":{"first_name":"John","last_name":"Doe","phone_number":null,"email":"john.doe@example.com","emergency_contact_name":null,"emergency_contact_phone_number":null,"google_uid":"1235456789"}}}'
  recorded_at: Fri, 03 Mar 2023 02:06:42 GMT
- request:
    method: get
    uri: http://localhost:5000/api/v1/users/1
    body:
      encoding: US-ASCII
      string: ''
    headers:
      User-Agent:
      - Faraday v2.7.4
      Accept-Encoding:
      - gzip;q=1.0,deflate;q=0.6,identity;q=0.3
      Accept:
      - "*/*"
  response:
    status:
      code: 200
      message: OK
    headers:
      Content-Type:
      - application/json; charset=utf-8
      Etag:
      - W/"fc8b0509bf63094121a131e74fce0359"
      Cache-Control:
      - max-age=0, private, must-revalidate
      X-Request-Id:
      - 2fe6ddd7-5756-4d58-84de-3b7c0f983067
      X-Runtime:
      - '0.002323'
      Transfer-Encoding:
      - chunked
    body:
      encoding: UTF-8
      string: '{"data":{"id":"1","type":"user","attributes":{"first_name":"John","last_name":"Doe","phone_number":null,"email":"john.doe@example.com","emergency_contact_name":null,"emergency_contact_phone_number":null,"google_uid":"1235456789"}}}'
  recorded_at: Fri, 03 Mar 2023 02:06:42 GMT
- request:
    method: get
    uri: http://localhost:5000/api/v1/trips/1
    body:
      encoding: US-ASCII
      string: ''
    headers:
      User-Agent:
      - Faraday v2.7.4
      Accept-Encoding:
      - gzip;q=1.0,deflate;q=0.6,identity;q=0.3
      Accept:
      - "*/*"
  response:
    status:
      code: 200
      message: OK
    headers:
      Content-Type:
      - application/json; charset=utf-8
      Etag:
      - W/"2f8d76582d7b2f7cdefff56788546e2e"
      Cache-Control:
      - max-age=0, private, must-revalidate
      X-Request-Id:
      - b8692ede-7a24-46e4-845e-54b3074d6d2c
      X-Runtime:
      - '0.004171'
      Transfer-Encoding:
      - chunked
    body:
      encoding: UTF-8
      string: '{"data":{"id":"1","type":"trip","attributes":{"name":"Trippin","city":"Murfreesboro","country":"United
        States","postcode":"37128","place_id":"51a61cdd52189955c0597a8f8e064bec4140f00101f9011102030000000000c00208","start_date":"2023-03-01","end_date":"2023-03-08","image_url":"https://live.staticflickr.com/65535/51328655264_19b4724735_w.jpg","events":[{"id":1,"trip_id":1,"event_date":null,"event_time":null,"event_id":"516f5dbe70fc9955c0597a484b8be1ed4140f00102f90148bbc1110000000092030644656d6f7327","votes":null,"confirmed":false,"created_at":"2023-03-03T01:56:37.912Z","updated_at":"2023-03-03T01:56:37.912Z","name":"Demos''","address":"1115
        Northwest Broad Street, Murfreesboro, TN 37129, United States of America","category":"restaurant"},{"id":2,"trip_id":1,"event_date":null,"event_time":null,"event_id":"51521580e9839655c0594eccdf61cbea4140f00102f901590b86250000000092030843756c7665722773","votes":null,"confirmed":false,"created_at":"2023-03-03T01:56:37.914Z","updated_at":"2023-03-03T01:56:37.914Z","name":"Culver''s","address":"2993
        South Rutherford Boulevard, Murfreesboro, TN 37130, United States of America","category":"restaurant"},{"id":3,"trip_id":1,"event_date":null,"event_time":null,"event_id":"515a2ed10f599b55c0594006245d33f04140f00103f901ea8da7dd0000000092031848617a656e27732042726967616465204d6f6e756d656e74","votes":null,"confirmed":false,"created_at":"2023-03-03T01:56:37.915Z","updated_at":"2023-03-03T01:56:37.915Z","name":"Hazen''s
        Brigade Monument","address":"Old Nashville Highway, Murfreesboro, TN 37167,
        United States of America","category":"attraction"},{"id":4,"trip_id":1,"event_date":null,"event_time":null,"event_id":"51fb255d85509c55c059cb278093d8eb4140f00102f901e4c69f2000000000920310526964656f75742043656d6574657279","votes":null,"confirmed":false,"created_at":"2023-03-03T01:56:37.916Z","updated_at":"2023-03-03T01:56:37.916Z","name":"Rideout
        Cemetery","address":"Murfreesboro, TN, United States of America","category":"attraction"}]},"relationships":{"events":{"data":[{"id":"1","type":"event"},{"id":"2","type":"event"},{"id":"3","type":"event"},{"id":"4","type":"event"}]}}},"included":[{"id":"1","type":"event","attributes":{"id":1,"trip_id":1,"event_date":null,"event_time":null,"event_id":"516f5dbe70fc9955c0597a484b8be1ed4140f00102f90148bbc1110000000092030644656d6f7327","votes":null,"confirmed":false,"name":"Demos''","address":"1115
        Northwest Broad Street, Murfreesboro, TN 37129, United States of America","category":"restaurant"},"relationships":{"trip":{"data":{"id":"1","type":"trip"}}}},{"id":"2","type":"event","attributes":{"id":2,"trip_id":1,"event_date":null,"event_time":null,"event_id":"51521580e9839655c0594eccdf61cbea4140f00102f901590b86250000000092030843756c7665722773","votes":null,"confirmed":false,"name":"Culver''s","address":"2993
        South Rutherford Boulevard, Murfreesboro, TN 37130, United States of America","category":"restaurant"},"relationships":{"trip":{"data":{"id":"1","type":"trip"}}}},{"id":"3","type":"event","attributes":{"id":3,"trip_id":1,"event_date":null,"event_time":null,"event_id":"515a2ed10f599b55c0594006245d33f04140f00103f901ea8da7dd0000000092031848617a656e27732042726967616465204d6f6e756d656e74","votes":null,"confirmed":false,"name":"Hazen''s
        Brigade Monument","address":"Old Nashville Highway, Murfreesboro, TN 37167,
        United States of America","category":"attraction"},"relationships":{"trip":{"data":{"id":"1","type":"trip"}}}},{"id":"4","type":"event","attributes":{"id":4,"trip_id":1,"event_date":null,"event_time":null,"event_id":"51fb255d85509c55c059cb278093d8eb4140f00102f901e4c69f2000000000920310526964656f75742043656d6574657279","votes":null,"confirmed":false,"name":"Rideout
        Cemetery","address":"Murfreesboro, TN, United States of America","category":"attraction"},"relationships":{"trip":{"data":{"id":"1","type":"trip"}}}}]}'
  recorded_at: Fri, 03 Mar 2023 02:06:42 GMT
- request:
    method: get
    uri: http://localhost:5000/api/v1/trips/1/users
    body:
      encoding: US-ASCII
      string: ''
    headers:
      User-Agent:
      - Faraday v2.7.4
      Accept-Encoding:
      - gzip;q=1.0,deflate;q=0.6,identity;q=0.3
      Accept:
      - "*/*"
  response:
    status:
      code: 200
      message: OK
    headers:
      Content-Type:
      - application/json; charset=utf-8
      Etag:
      - W/"0fb46e2f59d0653a3075f55d34186f5e"
      Cache-Control:
      - max-age=0, private, must-revalidate
      X-Request-Id:
      - da3ae0ec-dea3-468d-9d30-bce02e54c785
      X-Runtime:
      - '0.003335'
      Transfer-Encoding:
      - chunked
    body:
      encoding: UTF-8
      string: '{"data":[{"id":"1","type":"user","attributes":{"first_name":"John","last_name":"Doe","phone_number":null,"email":"john.doe@example.com","emergency_contact_name":null,"emergency_contact_phone_number":null,"google_uid":"1235456789"}}]}'
  recorded_at: Fri, 03 Mar 2023 02:06:42 GMT
- request:
    method: get
    uri: http://localhost:5000/api/v1/users/1
    body:
      encoding: US-ASCII
      string: ''
    headers:
      User-Agent:
      - Faraday v2.7.4
      Accept-Encoding:
      - gzip;q=1.0,deflate;q=0.6,identity;q=0.3
      Accept:
      - "*/*"
  response:
    status:
      code: 200
      message: OK
    headers:
      Content-Type:
      - application/json; charset=utf-8
      Etag:
      - W/"fc8b0509bf63094121a131e74fce0359"
      Cache-Control:
      - max-age=0, private, must-revalidate
      X-Request-Id:
      - 31ef1c3d-9239-44d1-90da-66e9ebac153d
      X-Runtime:
      - '0.002322'
      Transfer-Encoding:
      - chunked
    body:
      encoding: UTF-8
      string: '{"data":{"id":"1","type":"user","attributes":{"first_name":"John","last_name":"Doe","phone_number":null,"email":"john.doe@example.com","emergency_contact_name":null,"emergency_contact_phone_number":null,"google_uid":"1235456789"}}}'
  recorded_at: Fri, 03 Mar 2023 02:06:43 GMT
- request:
    method: get
    uri: http://localhost:5000/api/v1/users/1
    body:
      encoding: US-ASCII
      string: ''
    headers:
      User-Agent:
      - Faraday v2.7.4
      Accept-Encoding:
      - gzip;q=1.0,deflate;q=0.6,identity;q=0.3
      Accept:
      - "*/*"
  response:
    status:
      code: 200
      message: OK
    headers:
      Content-Type:
      - application/json; charset=utf-8
      Etag:
      - W/"fc8b0509bf63094121a131e74fce0359"
      Cache-Control:
      - max-age=0, private, must-revalidate
      X-Request-Id:
      - ce6e5e58-2532-4da6-89c7-a7c7dbae7425
      X-Runtime:
      - '0.002385'
      Transfer-Encoding:
      - chunked
    body:
      encoding: UTF-8
      string: '{"data":{"id":"1","type":"user","attributes":{"first_name":"John","last_name":"Doe","phone_number":null,"email":"john.doe@example.com","emergency_contact_name":null,"emergency_contact_phone_number":null,"google_uid":"1235456789"}}}'
  recorded_at: Fri, 03 Mar 2023 02:06:43 GMT
- request:
    method: get
    uri: http://localhost:5000/api/v1/trips/1
    body:
      encoding: US-ASCII
      string: ''
    headers:
      User-Agent:
      - Faraday v2.7.4
      Accept-Encoding:
      - gzip;q=1.0,deflate;q=0.6,identity;q=0.3
      Accept:
      - "*/*"
  response:
    status:
      code: 200
      message: OK
    headers:
      Content-Type:
      - application/json; charset=utf-8
      Etag:
      - W/"2f8d76582d7b2f7cdefff56788546e2e"
      Cache-Control:
      - max-age=0, private, must-revalidate
      X-Request-Id:
      - fe841bf6-859c-40b5-9c9c-beb790d803bf
      X-Runtime:
      - '0.004721'
      Transfer-Encoding:
      - chunked
    body:
      encoding: UTF-8
      string: '{"data":{"id":"1","type":"trip","attributes":{"name":"Trippin","city":"Murfreesboro","country":"United
        States","postcode":"37128","place_id":"51a61cdd52189955c0597a8f8e064bec4140f00101f9011102030000000000c00208","start_date":"2023-03-01","end_date":"2023-03-08","image_url":"https://live.staticflickr.com/65535/51328655264_19b4724735_w.jpg","events":[{"id":1,"trip_id":1,"event_date":null,"event_time":null,"event_id":"516f5dbe70fc9955c0597a484b8be1ed4140f00102f90148bbc1110000000092030644656d6f7327","votes":null,"confirmed":false,"created_at":"2023-03-03T01:56:37.912Z","updated_at":"2023-03-03T01:56:37.912Z","name":"Demos''","address":"1115
        Northwest Broad Street, Murfreesboro, TN 37129, United States of America","category":"restaurant"},{"id":2,"trip_id":1,"event_date":null,"event_time":null,"event_id":"51521580e9839655c0594eccdf61cbea4140f00102f901590b86250000000092030843756c7665722773","votes":null,"confirmed":false,"created_at":"2023-03-03T01:56:37.914Z","updated_at":"2023-03-03T01:56:37.914Z","name":"Culver''s","address":"2993
        South Rutherford Boulevard, Murfreesboro, TN 37130, United States of America","category":"restaurant"},{"id":3,"trip_id":1,"event_date":null,"event_time":null,"event_id":"515a2ed10f599b55c0594006245d33f04140f00103f901ea8da7dd0000000092031848617a656e27732042726967616465204d6f6e756d656e74","votes":null,"confirmed":false,"created_at":"2023-03-03T01:56:37.915Z","updated_at":"2023-03-03T01:56:37.915Z","name":"Hazen''s
        Brigade Monument","address":"Old Nashville Highway, Murfreesboro, TN 37167,
        United States of America","category":"attraction"},{"id":4,"trip_id":1,"event_date":null,"event_time":null,"event_id":"51fb255d85509c55c059cb278093d8eb4140f00102f901e4c69f2000000000920310526964656f75742043656d6574657279","votes":null,"confirmed":false,"created_at":"2023-03-03T01:56:37.916Z","updated_at":"2023-03-03T01:56:37.916Z","name":"Rideout
        Cemetery","address":"Murfreesboro, TN, United States of America","category":"attraction"}]},"relationships":{"events":{"data":[{"id":"1","type":"event"},{"id":"2","type":"event"},{"id":"3","type":"event"},{"id":"4","type":"event"}]}}},"included":[{"id":"1","type":"event","attributes":{"id":1,"trip_id":1,"event_date":null,"event_time":null,"event_id":"516f5dbe70fc9955c0597a484b8be1ed4140f00102f90148bbc1110000000092030644656d6f7327","votes":null,"confirmed":false,"name":"Demos''","address":"1115
        Northwest Broad Street, Murfreesboro, TN 37129, United States of America","category":"restaurant"},"relationships":{"trip":{"data":{"id":"1","type":"trip"}}}},{"id":"2","type":"event","attributes":{"id":2,"trip_id":1,"event_date":null,"event_time":null,"event_id":"51521580e9839655c0594eccdf61cbea4140f00102f901590b86250000000092030843756c7665722773","votes":null,"confirmed":false,"name":"Culver''s","address":"2993
        South Rutherford Boulevard, Murfreesboro, TN 37130, United States of America","category":"restaurant"},"relationships":{"trip":{"data":{"id":"1","type":"trip"}}}},{"id":"3","type":"event","attributes":{"id":3,"trip_id":1,"event_date":null,"event_time":null,"event_id":"515a2ed10f599b55c0594006245d33f04140f00103f901ea8da7dd0000000092031848617a656e27732042726967616465204d6f6e756d656e74","votes":null,"confirmed":false,"name":"Hazen''s
        Brigade Monument","address":"Old Nashville Highway, Murfreesboro, TN 37167,
        United States of America","category":"attraction"},"relationships":{"trip":{"data":{"id":"1","type":"trip"}}}},{"id":"4","type":"event","attributes":{"id":4,"trip_id":1,"event_date":null,"event_time":null,"event_id":"51fb255d85509c55c059cb278093d8eb4140f00102f901e4c69f2000000000920310526964656f75742043656d6574657279","votes":null,"confirmed":false,"name":"Rideout
        Cemetery","address":"Murfreesboro, TN, United States of America","category":"attraction"},"relationships":{"trip":{"data":{"id":"1","type":"trip"}}}}]}'
  recorded_at: Fri, 03 Mar 2023 02:06:43 GMT
recorded_with: VCR 6.1.0
