---
http_interactions:
- request:
    method: get
    uri: http://localhost:5000/api/v1/users/find?google_uid=1235456789
    body:
      encoding: US-ASCII
      string: ''
    headers:
      User-Agent:
      - Faraday v2.7.4
      Accept-Encoding:
      - gzip;q=1.0,deflate;q=0.6,identity;q=0.3
      Accept:
      - "*/*"
  response:
    status:
      code: 200
      message: OK
    headers:
      Content-Type:
      - application/json; charset=utf-8
      Etag:
      - W/"fc8b0509bf63094121a131e74fce0359"
      Cache-Control:
      - max-age=0, private, must-revalidate
      X-Request-Id:
      - 4b63f302-664a-44da-86ee-05373ee21442
      X-Runtime:
      - '0.003892'
      Transfer-Encoding:
      - chunked
    body:
      encoding: UTF-8
      string: '{"data":{"id":"1","type":"user","attributes":{"first_name":"John","last_name":"Doe","phone_number":null,"email":"john.doe@example.com","emergency_contact_name":null,"emergency_contact_phone_number":null,"google_uid":"1235456789"}}}'
  recorded_at: Fri, 03 Mar 2023 02:06:43 GMT
- request:
    method: get
    uri: http://localhost:5000/api/v1/users/1
    body:
      encoding: US-ASCII
      string: ''
    headers:
      User-Agent:
      - Faraday v2.7.4
      Accept-Encoding:
      - gzip;q=1.0,deflate;q=0.6,identity;q=0.3
      Accept:
      - "*/*"
  response:
    status:
      code: 200
      message: OK
    headers:
      Content-Type:
      - application/json; charset=utf-8
      Etag:
      - W/"fc8b0509bf63094121a131e74fce0359"
      Cache-Control:
      - max-age=0, private, must-revalidate
      X-Request-Id:
      - 65621ddd-15fc-467b-b261-f2e14329d1c3
      X-Runtime:
      - '0.003514'
      Transfer-Encoding:
      - chunked
    body:
      encoding: UTF-8
      string: '{"data":{"id":"1","type":"user","attributes":{"first_name":"John","last_name":"Doe","phone_number":null,"email":"john.doe@example.com","emergency_contact_name":null,"emergency_contact_phone_number":null,"google_uid":"1235456789"}}}'
  recorded_at: Fri, 03 Mar 2023 02:06:43 GMT
- request:
    method: get
    uri: http://localhost:5000/api/v1/users/1
    body:
      encoding: US-ASCII
      string: ''
    headers:
      User-Agent:
      - Faraday v2.7.4
      Accept-Encoding:
      - gzip;q=1.0,deflate;q=0.6,identity;q=0.3
      Accept:
      - "*/*"
  response:
    status:
      code: 200
      message: OK
    headers:
      Content-Type:
      - application/json; charset=utf-8
      Etag:
      - W/"fc8b0509bf63094121a131e74fce0359"
      Cache-Control:
      - max-age=0, private, must-revalidate
      X-Request-Id:
      - 1c2e6cb7-7770-407b-93a8-7cfffa664420
      X-Runtime:
      - '0.002576'
      Transfer-Encoding:
      - chunked
    body:
      encoding: UTF-8
      string: '{"data":{"id":"1","type":"user","attributes":{"first_name":"John","last_name":"Doe","phone_number":null,"email":"john.doe@example.com","emergency_contact_name":null,"emergency_contact_phone_number":null,"google_uid":"1235456789"}}}'
  recorded_at: Fri, 03 Mar 2023 02:06:43 GMT
- request:
    method: get
    uri: http://localhost:5000/api/v1/users/1
    body:
      encoding: US-ASCII
      string: ''
    headers:
      User-Agent:
      - Faraday v2.7.4
      Accept-Encoding:
      - gzip;q=1.0,deflate;q=0.6,identity;q=0.3
      Accept:
      - "*/*"
  response:
    status:
      code: 200
      message: OK
    headers:
      Content-Type:
      - application/json; charset=utf-8
      Etag:
      - W/"fc8b0509bf63094121a131e74fce0359"
      Cache-Control:
      - max-age=0, private, must-revalidate
      X-Request-Id:
      - 4d1c19ce-b9e1-48fe-8c2c-f6307a56cbef
      X-Runtime:
      - '0.003233'
      Transfer-Encoding:
      - chunked
    body:
      encoding: UTF-8
      string: '{"data":{"id":"1","type":"user","attributes":{"first_name":"John","last_name":"Doe","phone_number":null,"email":"john.doe@example.com","emergency_contact_name":null,"emergency_contact_phone_number":null,"google_uid":"1235456789"}}}'
  recorded_at: Fri, 03 Mar 2023 02:06:43 GMT
- request:
    method: get
    uri: http://localhost:5000/api/v1/users/1/trips/find_all?status=0
    body:
      encoding: US-ASCII
      string: ''
    headers:
      User-Agent:
      - Faraday v2.7.4
      Accept-Encoding:
      - gzip;q=1.0,deflate;q=0.6,identity;q=0.3
      Accept:
      - "*/*"
  response:
    status:
      code: 200
      message: OK
    headers:
      Content-Type:
      - application/json; charset=utf-8
      Etag:
      - W/"cb8a911fcb58e5f8afed75abb30a9643"
      Cache-Control:
      - max-age=0, private, must-revalidate
      X-Request-Id:
      - b4c07922-6911-4df8-a4c6-8a0527d27c39
      X-Runtime:
      - '0.005757'
      Transfer-Encoding:
      - chunked
    body:
      encoding: UTF-8
      string: '{"data":[{"id":"3","type":"trip","attributes":{"name":"Stag Do","city":"Cabo","country":"Mexico","postcode":"00123","place_id":"518120e5cc1b8441c0594f07b29e5a9120c0f00101f90188a2040000000000c00208","start_date":"2023-05-01","end_date":"2023-05-10","image_url":"https://live.staticflickr.com/65535/5716766064_64559491a3_w.jpg","events":[]},"relationships":{"events":{"data":[]}}}]}'
  recorded_at: Fri, 03 Mar 2023 02:06:43 GMT
- request:
    method: get
    uri: http://localhost:5000/api/v1/users/1/trips/find_all?status=1
    body:
      encoding: US-ASCII
      string: ''
    headers:
      User-Agent:
      - Faraday v2.7.4
      Accept-Encoding:
      - gzip;q=1.0,deflate;q=0.6,identity;q=0.3
      Accept:
      - "*/*"
  response:
    status:
      code: 200
      message: OK
    headers:
      Content-Type:
      - application/json; charset=utf-8
      Etag:
      - W/"88ac7c0aba1f16efccc319c353e7b53f"
      Cache-Control:
      - max-age=0, private, must-revalidate
      X-Request-Id:
      - d0b20441-d036-4535-9bef-ff35bbe6ef1e
      X-Runtime:
      - '0.017397'
      Transfer-Encoding:
      - chunked
    body:
      encoding: UTF-8
      string: '{"data":[{"id":"1","type":"trip","attributes":{"name":"Trippin","city":"Murfreesboro","country":"United
        States","postcode":"37128","place_id":"51a61cdd52189955c0597a8f8e064bec4140f00101f9011102030000000000c00208","start_date":"2023-02-28","end_date":"2023-03-09","image_url":"https://live.staticflickr.com/65535/51328655264_19b4724735_w.jpg","events":[{"id":1,"trip_id":1,"event_date":null,"event_time":null,"event_id":"516f5dbe70fc9955c0597a484b8be1ed4140f00102f90148bbc1110000000092030644656d6f7327","votes":null,"confirmed":false,"created_at":"2023-03-03T01:56:37.912Z","updated_at":"2023-03-03T01:56:37.912Z","name":"Demos''","address":"1115
        Northwest Broad Street, Murfreesboro, TN 37129, United States of America","category":"restaurant"},{"id":2,"trip_id":1,"event_date":null,"event_time":null,"event_id":"51521580e9839655c0594eccdf61cbea4140f00102f901590b86250000000092030843756c7665722773","votes":null,"confirmed":false,"created_at":"2023-03-03T01:56:37.914Z","updated_at":"2023-03-03T01:56:37.914Z","name":"Culver''s","address":"2993
        South Rutherford Boulevard, Murfreesboro, TN 37130, United States of America","category":"restaurant"},{"id":3,"trip_id":1,"event_date":null,"event_time":null,"event_id":"515a2ed10f599b55c0594006245d33f04140f00103f901ea8da7dd0000000092031848617a656e27732042726967616465204d6f6e756d656e74","votes":null,"confirmed":false,"created_at":"2023-03-03T01:56:37.915Z","updated_at":"2023-03-03T01:56:37.915Z","name":"Hazen''s
        Brigade Monument","address":"Old Nashville Highway, Murfreesboro, TN 37167,
        United States of America","category":"attraction"},{"id":4,"trip_id":1,"event_date":null,"event_time":null,"event_id":"51fb255d85509c55c059cb278093d8eb4140f00102f901e4c69f2000000000920310526964656f75742043656d6574657279","votes":null,"confirmed":false,"created_at":"2023-03-03T01:56:37.916Z","updated_at":"2023-03-03T01:56:37.916Z","name":"Rideout
        Cemetery","address":"Murfreesboro, TN, United States of America","category":"attraction"}]},"relationships":{"events":{"data":[{"id":"1","type":"event"},{"id":"2","type":"event"},{"id":"3","type":"event"},{"id":"4","type":"event"}]}}}]}'
  recorded_at: Fri, 03 Mar 2023 02:06:43 GMT
- request:
    method: get
    uri: http://localhost:5000/api/v1/users/1
    body:
      encoding: US-ASCII
      string: ''
    headers:
      User-Agent:
      - Faraday v2.7.4
      Accept-Encoding:
      - gzip;q=1.0,deflate;q=0.6,identity;q=0.3
      Accept:
      - "*/*"
  response:
    status:
      code: 200
      message: OK
    headers:
      Content-Type:
      - application/json; charset=utf-8
      Etag:
      - W/"fc8b0509bf63094121a131e74fce0359"
      Cache-Control:
      - max-age=0, private, must-revalidate
      X-Request-Id:
      - 2514f844-a835-47f9-8d40-a8d92af126fa
      X-Runtime:
      - '0.002137'
      Transfer-Encoding:
      - chunked
    body:
      encoding: UTF-8
      string: '{"data":{"id":"1","type":"user","attributes":{"first_name":"John","last_name":"Doe","phone_number":null,"email":"john.doe@example.com","emergency_contact_name":null,"emergency_contact_phone_number":null,"google_uid":"1235456789"}}}'
  recorded_at: Fri, 03 Mar 2023 02:06:43 GMT
- request:
    method: get
    uri: http://localhost:5000/api/v1/users/1
    body:
      encoding: US-ASCII
      string: ''
    headers:
      User-Agent:
      - Faraday v2.7.4
      Accept-Encoding:
      - gzip;q=1.0,deflate;q=0.6,identity;q=0.3
      Accept:
      - "*/*"
  response:
    status:
      code: 200
      message: OK
    headers:
      Content-Type:
      - application/json; charset=utf-8
      Etag:
      - W/"fc8b0509bf63094121a131e74fce0359"
      Cache-Control:
      - max-age=0, private, must-revalidate
      X-Request-Id:
      - ba3d7f41-a204-41d0-a13f-d228a718ac7a
      X-Runtime:
      - '0.002167'
      Transfer-Encoding:
      - chunked
    body:
      encoding: UTF-8
      string: '{"data":{"id":"1","type":"user","attributes":{"first_name":"John","last_name":"Doe","phone_number":null,"email":"john.doe@example.com","emergency_contact_name":null,"emergency_contact_phone_number":null,"google_uid":"1235456789"}}}'
  recorded_at: Fri, 03 Mar 2023 02:06:43 GMT
recorded_with: VCR 6.1.0
